[kckonam.com/index.html]
[www.gstatic.com/firebasejs/8.9.0/firebase-app.js]
[www.gstatic.com/firebasejs/8.3.2/firebase-auth.js]
[www.gstatic.com/firebasejs/8.3.2/firebase-firestore.js]
[www.gstatic.com/firebasejs/8.3.2/firebase-storage.js]
[www.gstatic.com/firebasejs/8.9.0/firebase-analytics.js]
[backblue.gif]
[fade.gif]
[index.html]
[kckonam.com/plugins/themefisher-font/style.css]
[kckonam.com/images/kcklogo.png]
[kckonam.com/plugins/bootstrap/css/bootstrap.min.css]
[kckonam.com/plugins/lightbox2/dist/css/lightbox.min.css]
[kckonam.com/plugins/animate/animate.css]
[kckonam.com/plugins/slick/slick.css]
[kckonam.com/css/style.css]
[kckonam.com/images/popup2.jpg]
[kckonam.com/index-2.html]
[kckonam.com/images/img3.jpg]
[kckonam.com/images/img1.jpg]
[kckonam.com/plugins/jquery/jquery.min.js]
[kckonam.com/images/img2.jpg]
[kckonam.com/plugins/google-map/gmap.js]
[kckonam.com/plugins/form-validation/jquery.form.js]
[kckonam.com/images/payasambg.jpg]
[kckonam.com/plugins/form-validation/jquery.validate.min.js]
[kckonam.com/plugins/bootstrap/js/bootstrap.min.js]
[kckonam.com/plugins/parallax/jquery.parallax-1.1.3.js]
[kckonam.com/plugins/lightbox2/dist/js/lightbox.min.js]
[kckonam.com/plugins/slick/slick.min.js]
[kckonam.com/plugins/filterizr/jquery.filterizr.min.js]
[kckonam.com/plugins/smooth-scroll/smooth-scroll.min.js]
[kckonam.com/js/script.js]
[kckonam.com/index.html]
[kckonam.com/plugins/themefisher-font/fonts/themefisher-font692c.eot]
[kckonam.com/plugins/themefisher-font/fonts/themefisher-font692c.ttf]
[kckonam.com/plugins/themefisher-font/fonts/themefisher-font692c.woff]
[kckonam.com/plugins/themefisher-font/fonts/themefisher-font692c.svg]
[kckonam.com/plugins/themefisher-font/style.css]
[kckonam.com/plugins/bootstrap/css/bootstrap.min.css]
[kckonam.com/plugins/lightbox2/dist/images/close.png]
[kckonam.com/plugins/lightbox2/dist/images/loading.gif]
[kckonam.com/plugins/lightbox2/dist/images/prev.png]
[kckonam.com/plugins/lightbox2/dist/images/next.png]
[kckonam.com/plugins/lightbox2/dist/css/lightbox.min.css]
[kckonam.com/plugins/animate/animate.css]
[kckonam.com/plugins/slick/slick.css]
[kckonam.com/unicode.arialr.ttf]
[kckonam.com/images/about/about-header.jpg]
[kckonam.com/images/slider/slider-bg-1.jpg]
[kckonam.com/images/call-to-action/call-to-action-bg-2.jpg]
[kckonam.com/images/call-to-action/call-to-action-bg.jpg]
[kckonam.com/css/style.css]
[kckonam.com/index-2.html]
[kckonam.com/plugins/themefisher-font/fonts/themefisher-font692c.html]
[kckonam.com/images/pricing-bg.jpg]
